[23-Apr-2026 11:34:46 Europe/Berlin] PHP Fatal error:  Uncaught mysqli_sql_exception: Unknown column 'rm.fund_source' in 'field list' in C:\Users\Cogito\Documents\rdeweb\server\rde\monitoring.php:187
Stack trace:
#0 C:\Users\Cogito\Documents\rdeweb\server\rde\monitoring.php(187): mysqli->prepare('SELECT \r\n      ...')
#1 C:\Users\Cogito\Documents\rdeweb\server\router.php(94): include_once('C:\\Users\\Cogito...')
#2 C:\Users\Cogito\Documents\rdeweb\server\router.php(11): route('/monitor', 'server/rde/moni...')
#3 C:\Users\Cogito\Documents\rdeweb\server\routes.php(57): post('/monitor', 'server/rde/moni...')
#4 C:\Users\Cogito\Documents\rdeweb\index.php(29): require_once('C:\\Users\\Cogito...')
#5 {main}
  thrown in C:\Users\Cogito\Documents\rdeweb\server\rde\monitoring.php on line 187
[23-Apr-2026 11:34:52 Europe/Berlin] PHP Fatal error:  Uncaught mysqli_sql_exception: Unknown column 'rm.fund_source' in 'field list' in C:\Users\Cogito\Documents\rdeweb\server\rde\monitoring.php:187
Stack trace:
#0 C:\Users\Cogito\Documents\rdeweb\server\rde\monitoring.php(187): mysqli->prepare('SELECT \r\n      ...')
#1 C:\Users\Cogito\Documents\rdeweb\server\router.php(94): include_once('C:\\Users\\Cogito...')
#2 C:\Users\Cogito\Documents\rdeweb\server\router.php(11): route('/monitor', 'server/rde/moni...')
#3 C:\Users\Cogito\Documents\rdeweb\server\routes.php(57): post('/monitor', 'server/rde/moni...')
#4 C:\Users\Cogito\Documents\rdeweb\index.php(29): require_once('C:\\Users\\Cogito...')
#5 {main}
  thrown in C:\Users\Cogito\Documents\rdeweb\server\rde\monitoring.php on line 187
[23-Apr-2026 11:38:14 Europe/Berlin] PHP Fatal error:  Uncaught mysqli_sql_exception: Unknown column 'rm.proposal_link' in 'field list' in C:\Users\Cogito\Documents\rdeweb\server\rde\monitoring.php:186
Stack trace:
#0 C:\Users\Cogito\Documents\rdeweb\server\rde\monitoring.php(186): mysqli->prepare('SELECT \r\n      ...')
#1 C:\Users\Cogito\Documents\rdeweb\server\router.php(94): include_once('C:\\Users\\Cogito...')
#2 C:\Users\Cogito\Documents\rdeweb\server\router.php(11): route('/monitor', 'server/rde/moni...')
#3 C:\Users\Cogito\Documents\rdeweb\server\routes.php(57): post('/monitor', 'server/rde/moni...')
#4 C:\Users\Cogito\Documents\rdeweb\index.php(29): require_once('C:\\Users\\Cogito...')
#5 {main}
  thrown in C:\Users\Cogito\Documents\rdeweb\server\rde\monitoring.php on line 186
[23-Apr-2026 11:38:49 Europe/Berlin] PHP Fatal error:  Uncaught mysqli_sql_exception: Unknown column 'rm.fund_source' in 'field list' in C:\Users\Cogito\Documents\rdeweb\server\rde\monitoring.php:187
Stack trace:
#0 C:\Users\Cogito\Documents\rdeweb\server\rde\monitoring.php(187): mysqli->prepare('SELECT \r\n      ...')
#1 C:\Users\Cogito\Documents\rdeweb\server\router.php(94): include_once('C:\\Users\\Cogito...')
#2 C:\Users\Cogito\Documents\rdeweb\server\router.php(11): route('/monitor', 'server/rde/moni...')
#3 C:\Users\Cogito\Documents\rdeweb\server\routes.php(57): post('/monitor', 'server/rde/moni...')
#4 C:\Users\Cogito\Documents\rdeweb\index.php(29): require_once('C:\\Users\\Cogito...')
#5 {main}
  thrown in C:\Users\Cogito\Documents\rdeweb\server\rde\monitoring.php on line 187
[23-Apr-2026 11:41:14 Europe/Berlin] PHP Fatal error:  Uncaught mysqli_sql_exception: Unknown column 'rm.fund_source' in 'field list' in C:\Users\Cogito\Documents\rdeweb\server\rde\monitoring.php:187
Stack trace:
#0 C:\Users\Cogito\Documents\rdeweb\server\rde\monitoring.php(187): mysqli->prepare('SELECT \r\n      ...')
#1 C:\Users\Cogito\Documents\rdeweb\server\router.php(94): include_once('C:\\Users\\Cogito...')
#2 C:\Users\Cogito\Documents\rdeweb\server\router.php(11): route('/monitor', 'server/rde/moni...')
#3 C:\Users\Cogito\Documents\rdeweb\server\routes.php(57): post('/monitor', 'server/rde/moni...')
#4 C:\Users\Cogito\Documents\rdeweb\index.php(29): require_once('C:\\Users\\Cogito...')
#5 {main}
  thrown in C:\Users\Cogito\Documents\rdeweb\server\rde\monitoring.php on line 187
[23-Apr-2026 11:42:56 Europe/Berlin] PHP Warning:  Undefined array key "proposal_link" in C:\Users\Cogito\Documents\rdeweb\server\rde\monitoring.php on line 216
[23-Apr-2026 11:42:56 Europe/Berlin] PHP Warning:  Undefined array key "proposal_link" in C:\Users\Cogito\Documents\rdeweb\server\rde\monitoring.php on line 216
[23-Apr-2026 11:43:01 Europe/Berlin] PHP Warning:  Undefined array key "proposal_link" in C:\Users\Cogito\Documents\rdeweb\server\rde\monitoring.php on line 216
[23-Apr-2026 11:43:01 Europe/Berlin] PHP Warning:  Undefined array key "proposal_link" in C:\Users\Cogito\Documents\rdeweb\server\rde\monitoring.php on line 216
[23-Apr-2026 11:43:01 Europe/Berlin] PHP Warning:  Undefined array key "proposal_link" in C:\Users\Cogito\Documents\rdeweb\server\rde\monitoring.php on line 216
[23-Apr-2026 11:43:01 Europe/Berlin] PHP Warning:  Undefined array key "proposal_link" in C:\Users\Cogito\Documents\rdeweb\server\rde\monitoring.php on line 216
[23-Apr-2026 11:43:01 Europe/Berlin] PHP Warning:  Undefined array key "proposal_link" in C:\Users\Cogito\Documents\rdeweb\server\rde\monitoring.php on line 216
[23-Apr-2026 11:43:01 Europe/Berlin] PHP Warning:  Undefined array key "proposal_link" in C:\Users\Cogito\Documents\rdeweb\server\rde\monitoring.php on line 216
[23-Apr-2026 11:43:01 Europe/Berlin] PHP Warning:  Undefined array key "proposal_link" in C:\Users\Cogito\Documents\rdeweb\server\rde\monitoring.php on line 216
[23-Apr-2026 11:43:01 Europe/Berlin] PHP Warning:  Undefined array key "proposal_link" in C:\Users\Cogito\Documents\rdeweb\server\rde\monitoring.php on line 216
[23-Apr-2026 11:43:01 Europe/Berlin] PHP Warning:  Undefined array key "proposal_link" in C:\Users\Cogito\Documents\rdeweb\server\rde\monitoring.php on line 216
[23-Apr-2026 11:43:01 Europe/Berlin] PHP Warning:  Undefined array key "proposal_link" in C:\Users\Cogito\Documents\rdeweb\server\rde\monitoring.php on line 216
[23-Apr-2026 11:43:01 Europe/Berlin] PHP Warning:  Undefined array key "proposal_link" in C:\Users\Cogito\Documents\rdeweb\server\rde\monitoring.php on line 216
[23-Apr-2026 11:43:01 Europe/Berlin] PHP Warning:  Undefined array key "proposal_link" in C:\Users\Cogito\Documents\rdeweb\server\rde\monitoring.php on line 216
[23-Apr-2026 11:43:01 Europe/Berlin] PHP Warning:  Undefined array key "proposal_link" in C:\Users\Cogito\Documents\rdeweb\server\rde\monitoring.php on line 216
[23-Apr-2026 11:43:01 Europe/Berlin] PHP Warning:  Undefined array key "proposal_link" in C:\Users\Cogito\Documents\rdeweb\server\rde\monitoring.php on line 216
[23-Apr-2026 11:43:01 Europe/Berlin] PHP Warning:  Undefined array key "proposal_link" in C:\Users\Cogito\Documents\rdeweb\server\rde\monitoring.php on line 216
[23-Apr-2026 11:43:01 Europe/Berlin] PHP Warning:  Undefined array key "proposal_link" in C:\Users\Cogito\Documents\rdeweb\server\rde\monitoring.php on line 216
[23-Apr-2026 11:43:01 Europe/Berlin] PHP Warning:  Undefined array key "proposal_link" in C:\Users\Cogito\Documents\rdeweb\server\rde\monitoring.php on line 216
[23-Apr-2026 11:43:01 Europe/Berlin] PHP Warning:  Undefined array key "proposal_link" in C:\Users\Cogito\Documents\rdeweb\server\rde\monitoring.php on line 216
[23-Apr-2026 11:43:01 Europe/Berlin] PHP Warning:  Undefined array key "proposal_link" in C:\Users\Cogito\Documents\rdeweb\server\rde\monitoring.php on line 216
[23-Apr-2026 11:43:01 Europe/Berlin] PHP Warning:  Undefined array key "proposal_link" in C:\Users\Cogito\Documents\rdeweb\server\rde\monitoring.php on line 216
[23-Apr-2026 11:43:01 Europe/Berlin] PHP Warning:  Undefined array key "proposal_link" in C:\Users\Cogito\Documents\rdeweb\server\rde\monitoring.php on line 216
[23-Apr-2026 12:06:38 Europe/Berlin] PHP Warning:  Undefined array key "proposal_link" in C:\Users\Cogito\Documents\rdeweb\server\rde\monitoring.php on line 216
[23-Apr-2026 12:06:38 Europe/Berlin] PHP Warning:  Undefined array key "proposal_link" in C:\Users\Cogito\Documents\rdeweb\server\rde\monitoring.php on line 216
[23-Apr-2026 12:06:41 Europe/Berlin] PHP Warning:  Undefined array key "proposal_link" in C:\Users\Cogito\Documents\rdeweb\server\rde\monitoring.php on line 216
[23-Apr-2026 12:06:41 Europe/Berlin] PHP Warning:  Undefined array key "proposal_link" in C:\Users\Cogito\Documents\rdeweb\server\rde\monitoring.php on line 216
[23-Apr-2026 12:06:41 Europe/Berlin] PHP Warning:  Undefined array key "proposal_link" in C:\Users\Cogito\Documents\rdeweb\server\rde\monitoring.php on line 216
[23-Apr-2026 12:06:41 Europe/Berlin] PHP Warning:  Undefined array key "proposal_link" in C:\Users\Cogito\Documents\rdeweb\server\rde\monitoring.php on line 216
[23-Apr-2026 12:06:41 Europe/Berlin] PHP Warning:  Undefined array key "proposal_link" in C:\Users\Cogito\Documents\rdeweb\server\rde\monitoring.php on line 216
[23-Apr-2026 12:06:41 Europe/Berlin] PHP Warning:  Undefined array key "proposal_link" in C:\Users\Cogito\Documents\rdeweb\server\rde\monitoring.php on line 216
[23-Apr-2026 12:06:41 Europe/Berlin] PHP Warning:  Undefined array key "proposal_link" in C:\Users\Cogito\Documents\rdeweb\server\rde\monitoring.php on line 216
[23-Apr-2026 12:06:41 Europe/Berlin] PHP Warning:  Undefined array key "proposal_link" in C:\Users\Cogito\Documents\rdeweb\server\rde\monitoring.php on line 216
[23-Apr-2026 12:06:41 Europe/Berlin] PHP Warning:  Undefined array key "proposal_link" in C:\Users\Cogito\Documents\rdeweb\server\rde\monitoring.php on line 216
[23-Apr-2026 12:06:41 Europe/Berlin] PHP Warning:  Undefined array key "proposal_link" in C:\Users\Cogito\Documents\rdeweb\server\rde\monitoring.php on line 216
[23-Apr-2026 12:06:41 Europe/Berlin] PHP Warning:  Undefined array key "proposal_link" in C:\Users\Cogito\Documents\rdeweb\server\rde\monitoring.php on line 216
[23-Apr-2026 12:06:41 Europe/Berlin] PHP Warning:  Undefined array key "proposal_link" in C:\Users\Cogito\Documents\rdeweb\server\rde\monitoring.php on line 216
[23-Apr-2026 12:06:41 Europe/Berlin] PHP Warning:  Undefined array key "proposal_link" in C:\Users\Cogito\Documents\rdeweb\server\rde\monitoring.php on line 216
[23-Apr-2026 12:06:41 Europe/Berlin] PHP Warning:  Undefined array key "proposal_link" in C:\Users\Cogito\Documents\rdeweb\server\rde\monitoring.php on line 216
[23-Apr-2026 12:06:41 Europe/Berlin] PHP Warning:  Undefined array key "proposal_link" in C:\Users\Cogito\Documents\rdeweb\server\rde\monitoring.php on line 216
[23-Apr-2026 12:06:41 Europe/Berlin] PHP Warning:  Undefined array key "proposal_link" in C:\Users\Cogito\Documents\rdeweb\server\rde\monitoring.php on line 216
[23-Apr-2026 12:06:41 Europe/Berlin] PHP Warning:  Undefined array key "proposal_link" in C:\Users\Cogito\Documents\rdeweb\server\rde\monitoring.php on line 216
[23-Apr-2026 12:06:41 Europe/Berlin] PHP Warning:  Undefined array key "proposal_link" in C:\Users\Cogito\Documents\rdeweb\server\rde\monitoring.php on line 216
[23-Apr-2026 12:06:41 Europe/Berlin] PHP Warning:  Undefined array key "proposal_link" in C:\Users\Cogito\Documents\rdeweb\server\rde\monitoring.php on line 216
[23-Apr-2026 12:06:41 Europe/Berlin] PHP Warning:  Undefined array key "proposal_link" in C:\Users\Cogito\Documents\rdeweb\server\rde\monitoring.php on line 216
[23-Apr-2026 12:06:41 Europe/Berlin] PHP Warning:  Undefined array key "proposal_link" in C:\Users\Cogito\Documents\rdeweb\server\rde\monitoring.php on line 216
[23-Apr-2026 12:06:44 Europe/Berlin] PHP Warning:  Undefined array key "proposal_link" in C:\Users\Cogito\Documents\rdeweb\server\rde\monitoring.php on line 216
[23-Apr-2026 12:06:44 Europe/Berlin] PHP Warning:  Undefined array key "proposal_link" in C:\Users\Cogito\Documents\rdeweb\server\rde\monitoring.php on line 216
[23-Apr-2026 12:06:44 Europe/Berlin] PHP Warning:  Undefined array key "proposal_link" in C:\Users\Cogito\Documents\rdeweb\server\rde\monitoring.php on line 216
[23-Apr-2026 12:06:44 Europe/Berlin] PHP Warning:  Undefined array key "proposal_link" in C:\Users\Cogito\Documents\rdeweb\server\rde\monitoring.php on line 216
[23-Apr-2026 12:06:44 Europe/Berlin] PHP Warning:  Undefined array key "proposal_link" in C:\Users\Cogito\Documents\rdeweb\server\rde\monitoring.php on line 216
[23-Apr-2026 12:06:44 Europe/Berlin] PHP Warning:  Undefined array key "proposal_link" in C:\Users\Cogito\Documents\rdeweb\server\rde\monitoring.php on line 216
[23-Apr-2026 12:06:44 Europe/Berlin] PHP Warning:  Undefined array key "proposal_link" in C:\Users\Cogito\Documents\rdeweb\server\rde\monitoring.php on line 216
[23-Apr-2026 12:06:44 Europe/Berlin] PHP Warning:  Undefined array key "proposal_link" in C:\Users\Cogito\Documents\rdeweb\server\rde\monitoring.php on line 216
[23-Apr-2026 12:06:44 Europe/Berlin] PHP Warning:  Undefined array key "proposal_link" in C:\Users\Cogito\Documents\rdeweb\server\rde\monitoring.php on line 216
[23-Apr-2026 12:06:44 Europe/Berlin] PHP Warning:  Undefined array key "proposal_link" in C:\Users\Cogito\Documents\rdeweb\server\rde\monitoring.php on line 216
[23-Apr-2026 12:06:44 Europe/Berlin] PHP Warning:  Undefined array key "proposal_link" in C:\Users\Cogito\Documents\rdeweb\server\rde\monitoring.php on line 216
[23-Apr-2026 12:06:44 Europe/Berlin] PHP Warning:  Undefined array key "proposal_link" in C:\Users\Cogito\Documents\rdeweb\server\rde\monitoring.php on line 216
[23-Apr-2026 12:06:44 Europe/Berlin] PHP Warning:  Undefined array key "proposal_link" in C:\Users\Cogito\Documents\rdeweb\server\rde\monitoring.php on line 216
[23-Apr-2026 12:06:44 Europe/Berlin] PHP Warning:  Undefined array key "proposal_link" in C:\Users\Cogito\Documents\rdeweb\server\rde\monitoring.php on line 216
[23-Apr-2026 12:06:44 Europe/Berlin] PHP Warning:  Undefined array key "proposal_link" in C:\Users\Cogito\Documents\rdeweb\server\rde\monitoring.php on line 216
[23-Apr-2026 12:06:44 Europe/Berlin] PHP Warning:  Undefined array key "proposal_link" in C:\Users\Cogito\Documents\rdeweb\server\rde\monitoring.php on line 216
[23-Apr-2026 12:06:44 Europe/Berlin] PHP Warning:  Undefined array key "proposal_link" in C:\Users\Cogito\Documents\rdeweb\server\rde\monitoring.php on line 216
[23-Apr-2026 12:06:44 Europe/Berlin] PHP Warning:  Undefined array key "proposal_link" in C:\Users\Cogito\Documents\rdeweb\server\rde\monitoring.php on line 216
[23-Apr-2026 12:06:44 Europe/Berlin] PHP Warning:  Undefined array key "proposal_link" in C:\Users\Cogito\Documents\rdeweb\server\rde\monitoring.php on line 216
[23-Apr-2026 12:06:44 Europe/Berlin] PHP Warning:  Undefined array key "proposal_link" in C:\Users\Cogito\Documents\rdeweb\server\rde\monitoring.php on line 216
[23-Apr-2026 12:06:44 Europe/Berlin] PHP Warning:  Undefined array key "proposal_link" in C:\Users\Cogito\Documents\rdeweb\server\rde\monitoring.php on line 216
[23-Apr-2026 12:11:25 Europe/Berlin] PHP Warning:  Undefined array key "proposal_link" in C:\Users\Cogito\Documents\rdeweb\server\rde\monitoring.php on line 216
[23-Apr-2026 12:11:25 Europe/Berlin] PHP Warning:  Undefined array key "proposal_link" in C:\Users\Cogito\Documents\rdeweb\server\rde\monitoring.php on line 216
[23-Apr-2026 12:12:14 Europe/Berlin] PHP Warning:  Undefined array key "proposal_link" in C:\Users\Cogito\Documents\rdeweb\server\rde\monitoring.php on line 216
[23-Apr-2026 12:12:14 Europe/Berlin] PHP Warning:  Undefined array key "proposal_link" in C:\Users\Cogito\Documents\rdeweb\server\rde\monitoring.php on line 216
[23-Apr-2026 12:12:14 Europe/Berlin] PHP Warning:  Undefined array key "proposal_link" in C:\Users\Cogito\Documents\rdeweb\server\rde\monitoring.php on line 216
[23-Apr-2026 12:12:14 Europe/Berlin] PHP Warning:  Undefined array key "proposal_link" in C:\Users\Cogito\Documents\rdeweb\server\rde\monitoring.php on line 216
[23-Apr-2026 12:12:14 Europe/Berlin] PHP Warning:  Undefined array key "proposal_link" in C:\Users\Cogito\Documents\rdeweb\server\rde\monitoring.php on line 216
[23-Apr-2026 12:12:14 Europe/Berlin] PHP Warning:  Undefined array key "proposal_link" in C:\Users\Cogito\Documents\rdeweb\server\rde\monitoring.php on line 216
[23-Apr-2026 12:12:14 Europe/Berlin] PHP Warning:  Undefined array key "proposal_link" in C:\Users\Cogito\Documents\rdeweb\server\rde\monitoring.php on line 216
[23-Apr-2026 12:12:14 Europe/Berlin] PHP Warning:  Undefined array key "proposal_link" in C:\Users\Cogito\Documents\rdeweb\server\rde\monitoring.php on line 216
[23-Apr-2026 12:12:14 Europe/Berlin] PHP Warning:  Undefined array key "proposal_link" in C:\Users\Cogito\Documents\rdeweb\server\rde\monitoring.php on line 216
[23-Apr-2026 12:12:14 Europe/Berlin] PHP Warning:  Undefined array key "proposal_link" in C:\Users\Cogito\Documents\rdeweb\server\rde\monitoring.php on line 216
[23-Apr-2026 12:12:14 Europe/Berlin] PHP Warning:  Undefined array key "proposal_link" in C:\Users\Cogito\Documents\rdeweb\server\rde\monitoring.php on line 216
[23-Apr-2026 12:12:14 Europe/Berlin] PHP Warning:  Undefined array key "proposal_link" in C:\Users\Cogito\Documents\rdeweb\server\rde\monitoring.php on line 216
[23-Apr-2026 12:12:14 Europe/Berlin] PHP Warning:  Undefined array key "proposal_link" in C:\Users\Cogito\Documents\rdeweb\server\rde\monitoring.php on line 216
[23-Apr-2026 12:12:14 Europe/Berlin] PHP Warning:  Undefined array key "proposal_link" in C:\Users\Cogito\Documents\rdeweb\server\rde\monitoring.php on line 216
[23-Apr-2026 12:12:14 Europe/Berlin] PHP Warning:  Undefined array key "proposal_link" in C:\Users\Cogito\Documents\rdeweb\server\rde\monitoring.php on line 216
[23-Apr-2026 12:12:14 Europe/Berlin] PHP Warning:  Undefined array key "proposal_link" in C:\Users\Cogito\Documents\rdeweb\server\rde\monitoring.php on line 216
[23-Apr-2026 12:12:14 Europe/Berlin] PHP Warning:  Undefined array key "proposal_link" in C:\Users\Cogito\Documents\rdeweb\server\rde\monitoring.php on line 216
[23-Apr-2026 12:12:14 Europe/Berlin] PHP Warning:  Undefined array key "proposal_link" in C:\Users\Cogito\Documents\rdeweb\server\rde\monitoring.php on line 216
[23-Apr-2026 12:12:22 Europe/Berlin] PHP Warning:  Undefined array key "proposal_link" in C:\Users\Cogito\Documents\rdeweb\server\rde\monitoring.php on line 216
[23-Apr-2026 12:12:22 Europe/Berlin] PHP Warning:  Undefined array key "proposal_link" in C:\Users\Cogito\Documents\rdeweb\server\rde\monitoring.php on line 216
[23-Apr-2026 12:12:22 Europe/Berlin] PHP Warning:  Undefined array key "proposal_link" in C:\Users\Cogito\Documents\rdeweb\server\rde\monitoring.php on line 216
[23-Apr-2026 12:12:22 Europe/Berlin] PHP Warning:  Undefined array key "proposal_link" in C:\Users\Cogito\Documents\rdeweb\server\rde\monitoring.php on line 216
[23-Apr-2026 12:12:22 Europe/Berlin] PHP Warning:  Undefined array key "proposal_link" in C:\Users\Cogito\Documents\rdeweb\server\rde\monitoring.php on line 216
[23-Apr-2026 12:12:22 Europe/Berlin] PHP Warning:  Undefined array key "proposal_link" in C:\Users\Cogito\Documents\rdeweb\server\rde\monitoring.php on line 216
[23-Apr-2026 12:12:22 Europe/Berlin] PHP Warning:  Undefined array key "proposal_link" in C:\Users\Cogito\Documents\rdeweb\server\rde\monitoring.php on line 216
[23-Apr-2026 12:12:22 Europe/Berlin] PHP Warning:  Undefined array key "proposal_link" in C:\Users\Cogito\Documents\rdeweb\server\rde\monitoring.php on line 216
[23-Apr-2026 12:12:22 Europe/Berlin] PHP Warning:  Undefined array key "proposal_link" in C:\Users\Cogito\Documents\rdeweb\server\rde\monitoring.php on line 216
[23-Apr-2026 12:12:22 Europe/Berlin] PHP Warning:  Undefined array key "proposal_link" in C:\Users\Cogito\Documents\rdeweb\server\rde\monitoring.php on line 216
[23-Apr-2026 12:12:22 Europe/Berlin] PHP Warning:  Undefined array key "proposal_link" in C:\Users\Cogito\Documents\rdeweb\server\rde\monitoring.php on line 216
[23-Apr-2026 12:12:22 Europe/Berlin] PHP Warning:  Undefined array key "proposal_link" in C:\Users\Cogito\Documents\rdeweb\server\rde\monitoring.php on line 216
[23-Apr-2026 12:12:22 Europe/Berlin] PHP Warning:  Undefined array key "proposal_link" in C:\Users\Cogito\Documents\rdeweb\server\rde\monitoring.php on line 216
[23-Apr-2026 12:12:22 Europe/Berlin] PHP Warning:  Undefined array key "proposal_link" in C:\Users\Cogito\Documents\rdeweb\server\rde\monitoring.php on line 216
[23-Apr-2026 12:12:22 Europe/Berlin] PHP Warning:  Undefined array key "proposal_link" in C:\Users\Cogito\Documents\rdeweb\server\rde\monitoring.php on line 216
[23-Apr-2026 12:12:22 Europe/Berlin] PHP Warning:  Undefined array key "proposal_link" in C:\Users\Cogito\Documents\rdeweb\server\rde\monitoring.php on line 216
[23-Apr-2026 12:12:22 Europe/Berlin] PHP Warning:  Undefined array key "proposal_link" in C:\Users\Cogito\Documents\rdeweb\server\rde\monitoring.php on line 216
[23-Apr-2026 12:12:22 Europe/Berlin] PHP Warning:  Undefined array key "proposal_link" in C:\Users\Cogito\Documents\rdeweb\server\rde\monitoring.php on line 216
[23-Apr-2026 12:12:22 Europe/Berlin] PHP Warning:  Undefined array key "proposal_link" in C:\Users\Cogito\Documents\rdeweb\server\rde\monitoring.php on line 216
[23-Apr-2026 12:12:22 Europe/Berlin] PHP Warning:  Undefined array key "proposal_link" in C:\Users\Cogito\Documents\rdeweb\server\rde\monitoring.php on line 216
[23-Apr-2026 12:12:22 Europe/Berlin] PHP Warning:  Undefined array key "proposal_link" in C:\Users\Cogito\Documents\rdeweb\server\rde\monitoring.php on line 216
[23-Apr-2026 12:12:23 Europe/Berlin] PHP Warning:  Undefined array key "proposal_link" in C:\Users\Cogito\Documents\rdeweb\server\rde\monitoring.php on line 216
[23-Apr-2026 12:12:23 Europe/Berlin] PHP Warning:  Undefined array key "proposal_link" in C:\Users\Cogito\Documents\rdeweb\server\rde\monitoring.php on line 216
[23-Apr-2026 12:12:23 Europe/Berlin] PHP Warning:  Undefined array key "proposal_link" in C:\Users\Cogito\Documents\rdeweb\server\rde\monitoring.php on line 216
[23-Apr-2026 12:12:23 Europe/Berlin] PHP Warning:  Undefined array key "proposal_link" in C:\Users\Cogito\Documents\rdeweb\server\rde\monitoring.php on line 216
[23-Apr-2026 12:12:23 Europe/Berlin] PHP Warning:  Undefined array key "proposal_link" in C:\Users\Cogito\Documents\rdeweb\server\rde\monitoring.php on line 216
[23-Apr-2026 12:12:23 Europe/Berlin] PHP Warning:  Undefined array key "proposal_link" in C:\Users\Cogito\Documents\rdeweb\server\rde\monitoring.php on line 216
[23-Apr-2026 12:12:23 Europe/Berlin] PHP Warning:  Undefined array key "proposal_link" in C:\Users\Cogito\Documents\rdeweb\server\rde\monitoring.php on line 216
[23-Apr-2026 12:12:23 Europe/Berlin] PHP Warning:  Undefined array key "proposal_link" in C:\Users\Cogito\Documents\rdeweb\server\rde\monitoring.php on line 216
[23-Apr-2026 12:12:23 Europe/Berlin] PHP Warning:  Undefined array key "proposal_link" in C:\Users\Cogito\Documents\rdeweb\server\rde\monitoring.php on line 216
[23-Apr-2026 12:12:23 Europe/Berlin] PHP Warning:  Undefined array key "proposal_link" in C:\Users\Cogito\Documents\rdeweb\server\rde\monitoring.php on line 216
[23-Apr-2026 12:12:23 Europe/Berlin] PHP Warning:  Undefined array key "proposal_link" in C:\Users\Cogito\Documents\rdeweb\server\rde\monitoring.php on line 216
[23-Apr-2026 12:12:23 Europe/Berlin] PHP Warning:  Undefined array key "proposal_link" in C:\Users\Cogito\Documents\rdeweb\server\rde\monitoring.php on line 216
[23-Apr-2026 12:12:23 Europe/Berlin] PHP Warning:  Undefined array key "proposal_link" in C:\Users\Cogito\Documents\rdeweb\server\rde\monitoring.php on line 216
[23-Apr-2026 12:12:23 Europe/Berlin] PHP Warning:  Undefined array key "proposal_link" in C:\Users\Cogito\Documents\rdeweb\server\rde\monitoring.php on line 216
[23-Apr-2026 12:12:23 Europe/Berlin] PHP Warning:  Undefined array key "proposal_link" in C:\Users\Cogito\Documents\rdeweb\server\rde\monitoring.php on line 216
[23-Apr-2026 12:12:23 Europe/Berlin] PHP Warning:  Undefined array key "proposal_link" in C:\Users\Cogito\Documents\rdeweb\server\rde\monitoring.php on line 216
[23-Apr-2026 12:12:23 Europe/Berlin] PHP Warning:  Undefined array key "proposal_link" in C:\Users\Cogito\Documents\rdeweb\server\rde\monitoring.php on line 216
[23-Apr-2026 12:12:23 Europe/Berlin] PHP Warning:  Undefined array key "proposal_link" in C:\Users\Cogito\Documents\rdeweb\server\rde\monitoring.php on line 216
[23-Apr-2026 12:12:23 Europe/Berlin] PHP Warning:  Undefined array key "proposal_link" in C:\Users\Cogito\Documents\rdeweb\server\rde\monitoring.php on line 216
[23-Apr-2026 12:12:23 Europe/Berlin] PHP Warning:  Undefined array key "proposal_link" in C:\Users\Cogito\Documents\rdeweb\server\rde\monitoring.php on line 216
[23-Apr-2026 12:12:23 Europe/Berlin] PHP Warning:  Undefined array key "proposal_link" in C:\Users\Cogito\Documents\rdeweb\server\rde\monitoring.php on line 216
[23-Apr-2026 12:12:24 Europe/Berlin] PHP Warning:  Undefined array key "proposal_link" in C:\Users\Cogito\Documents\rdeweb\server\rde\monitoring.php on line 216
[23-Apr-2026 12:12:24 Europe/Berlin] PHP Warning:  Undefined array key "proposal_link" in C:\Users\Cogito\Documents\rdeweb\server\rde\monitoring.php on line 216
[23-Apr-2026 12:12:24 Europe/Berlin] PHP Warning:  Undefined array key "proposal_link" in C:\Users\Cogito\Documents\rdeweb\server\rde\monitoring.php on line 216
[23-Apr-2026 12:12:24 Europe/Berlin] PHP Warning:  Undefined array key "proposal_link" in C:\Users\Cogito\Documents\rdeweb\server\rde\monitoring.php on line 216
[23-Apr-2026 12:12:24 Europe/Berlin] PHP Warning:  Undefined array key "proposal_link" in C:\Users\Cogito\Documents\rdeweb\server\rde\monitoring.php on line 216
[23-Apr-2026 12:12:24 Europe/Berlin] PHP Warning:  Undefined array key "proposal_link" in C:\Users\Cogito\Documents\rdeweb\server\rde\monitoring.php on line 216
[23-Apr-2026 12:12:24 Europe/Berlin] PHP Warning:  Undefined array key "proposal_link" in C:\Users\Cogito\Documents\rdeweb\server\rde\monitoring.php on line 216
[23-Apr-2026 12:12:24 Europe/Berlin] PHP Warning:  Undefined array key "proposal_link" in C:\Users\Cogito\Documents\rdeweb\server\rde\monitoring.php on line 216
[23-Apr-2026 12:12:24 Europe/Berlin] PHP Warning:  Undefined array key "proposal_link" in C:\Users\Cogito\Documents\rdeweb\server\rde\monitoring.php on line 216
[23-Apr-2026 12:12:24 Europe/Berlin] PHP Warning:  Undefined array key "proposal_link" in C:\Users\Cogito\Documents\rdeweb\server\rde\monitoring.php on line 216
[23-Apr-2026 12:12:24 Europe/Berlin] PHP Warning:  Undefined array key "proposal_link" in C:\Users\Cogito\Documents\rdeweb\server\rde\monitoring.php on line 216
[23-Apr-2026 12:12:24 Europe/Berlin] PHP Warning:  Undefined array key "proposal_link" in C:\Users\Cogito\Documents\rdeweb\server\rde\monitoring.php on line 216
[23-Apr-2026 12:12:24 Europe/Berlin] PHP Warning:  Undefined array key "proposal_link" in C:\Users\Cogito\Documents\rdeweb\server\rde\monitoring.php on line 216
[23-Apr-2026 12:12:24 Europe/Berlin] PHP Warning:  Undefined array key "proposal_link" in C:\Users\Cogito\Documents\rdeweb\server\rde\monitoring.php on line 216
[23-Apr-2026 12:12:26 Europe/Berlin] PHP Warning:  Undefined array key "proposal_link" in C:\Users\Cogito\Documents\rdeweb\server\rde\monitoring.php on line 216
[23-Apr-2026 12:12:26 Europe/Berlin] PHP Warning:  Undefined array key "proposal_link" in C:\Users\Cogito\Documents\rdeweb\server\rde\monitoring.php on line 216
[23-Apr-2026 12:12:26 Europe/Berlin] PHP Warning:  Undefined array key "proposal_link" in C:\Users\Cogito\Documents\rdeweb\server\rde\monitoring.php on line 216
[23-Apr-2026 12:12:26 Europe/Berlin] PHP Warning:  Undefined array key "proposal_link" in C:\Users\Cogito\Documents\rdeweb\server\rde\monitoring.php on line 216
[23-Apr-2026 12:12:26 Europe/Berlin] PHP Warning:  Undefined array key "proposal_link" in C:\Users\Cogito\Documents\rdeweb\server\rde\monitoring.php on line 216
[23-Apr-2026 12:12:26 Europe/Berlin] PHP Warning:  Undefined array key "proposal_link" in C:\Users\Cogito\Documents\rdeweb\server\rde\monitoring.php on line 216
[23-Apr-2026 12:12:26 Europe/Berlin] PHP Warning:  Undefined array key "proposal_link" in C:\Users\Cogito\Documents\rdeweb\server\rde\monitoring.php on line 216
[23-Apr-2026 12:12:26 Europe/Berlin] PHP Warning:  Undefined array key "proposal_link" in C:\Users\Cogito\Documents\rdeweb\server\rde\monitoring.php on line 216
[23-Apr-2026 12:12:26 Europe/Berlin] PHP Warning:  Undefined array key "proposal_link" in C:\Users\Cogito\Documents\rdeweb\server\rde\monitoring.php on line 216
[23-Apr-2026 12:12:26 Europe/Berlin] PHP Warning:  Undefined array key "proposal_link" in C:\Users\Cogito\Documents\rdeweb\server\rde\monitoring.php on line 216
[23-Apr-2026 12:12:26 Europe/Berlin] PHP Warning:  Undefined array key "proposal_link" in C:\Users\Cogito\Documents\rdeweb\server\rde\monitoring.php on line 216
[23-Apr-2026 12:12:26 Europe/Berlin] PHP Warning:  Undefined array key "proposal_link" in C:\Users\Cogito\Documents\rdeweb\server\rde\monitoring.php on line 216
[23-Apr-2026 12:12:26 Europe/Berlin] PHP Warning:  Undefined array key "proposal_link" in C:\Users\Cogito\Documents\rdeweb\server\rde\monitoring.php on line 216
[23-Apr-2026 12:12:26 Europe/Berlin] PHP Warning:  Undefined array key "proposal_link" in C:\Users\Cogito\Documents\rdeweb\server\rde\monitoring.php on line 216
[23-Apr-2026 12:12:26 Europe/Berlin] PHP Warning:  Undefined array key "proposal_link" in C:\Users\Cogito\Documents\rdeweb\server\rde\monitoring.php on line 216
[23-Apr-2026 12:12:26 Europe/Berlin] PHP Warning:  Undefined array key "proposal_link" in C:\Users\Cogito\Documents\rdeweb\server\rde\monitoring.php on line 216
[23-Apr-2026 12:12:26 Europe/Berlin] PHP Warning:  Undefined array key "proposal_link" in C:\Users\Cogito\Documents\rdeweb\server\rde\monitoring.php on line 216
[23-Apr-2026 12:12:26 Europe/Berlin] PHP Warning:  Undefined array key "proposal_link" in C:\Users\Cogito\Documents\rdeweb\server\rde\monitoring.php on line 216
[23-Apr-2026 12:12:26 Europe/Berlin] PHP Warning:  Undefined array key "proposal_link" in C:\Users\Cogito\Documents\rdeweb\server\rde\monitoring.php on line 216
[23-Apr-2026 12:12:26 Europe/Berlin] PHP Warning:  Undefined array key "proposal_link" in C:\Users\Cogito\Documents\rdeweb\server\rde\monitoring.php on line 216
[23-Apr-2026 12:12:26 Europe/Berlin] PHP Warning:  Undefined array key "proposal_link" in C:\Users\Cogito\Documents\rdeweb\server\rde\monitoring.php on line 216
[23-Apr-2026 12:12:27 Europe/Berlin] PHP Warning:  Undefined array key "proposal_link" in C:\Users\Cogito\Documents\rdeweb\server\rde\monitoring.php on line 216
[23-Apr-2026 12:12:27 Europe/Berlin] PHP Warning:  Undefined array key "proposal_link" in C:\Users\Cogito\Documents\rdeweb\server\rde\monitoring.php on line 216
[23-Apr-2026 12:12:27 Europe/Berlin] PHP Warning:  Undefined array key "proposal_link" in C:\Users\Cogito\Documents\rdeweb\server\rde\monitoring.php on line 216
[23-Apr-2026 12:12:27 Europe/Berlin] PHP Warning:  Undefined array key "proposal_link" in C:\Users\Cogito\Documents\rdeweb\server\rde\monitoring.php on line 216
[23-Apr-2026 12:12:27 Europe/Berlin] PHP Warning:  Undefined array key "proposal_link" in C:\Users\Cogito\Documents\rdeweb\server\rde\monitoring.php on line 216
[23-Apr-2026 12:12:27 Europe/Berlin] PHP Warning:  Undefined array key "proposal_link" in C:\Users\Cogito\Documents\rdeweb\server\rde\monitoring.php on line 216
[23-Apr-2026 12:12:27 Europe/Berlin] PHP Warning:  Undefined array key "proposal_link" in C:\Users\Cogito\Documents\rdeweb\server\rde\monitoring.php on line 216
[23-Apr-2026 12:12:27 Europe/Berlin] PHP Warning:  Undefined array key "proposal_link" in C:\Users\Cogito\Documents\rdeweb\server\rde\monitoring.php on line 216
[23-Apr-2026 12:12:27 Europe/Berlin] PHP Warning:  Undefined array key "proposal_link" in C:\Users\Cogito\Documents\rdeweb\server\rde\monitoring.php on line 216
[23-Apr-2026 12:12:27 Europe/Berlin] PHP Warning:  Undefined array key "proposal_link" in C:\Users\Cogito\Documents\rdeweb\server\rde\monitoring.php on line 216
[23-Apr-2026 12:12:27 Europe/Berlin] PHP Warning:  Undefined array key "proposal_link" in C:\Users\Cogito\Documents\rdeweb\server\rde\monitoring.php on line 216
[23-Apr-2026 12:12:27 Europe/Berlin] PHP Warning:  Undefined array key "proposal_link" in C:\Users\Cogito\Documents\rdeweb\server\rde\monitoring.php on line 216
[23-Apr-2026 12:12:27 Europe/Berlin] PHP Warning:  Undefined array key "proposal_link" in C:\Users\Cogito\Documents\rdeweb\server\rde\monitoring.php on line 216
[23-Apr-2026 12:12:27 Europe/Berlin] PHP Warning:  Undefined array key "proposal_link" in C:\Users\Cogito\Documents\rdeweb\server\rde\monitoring.php on line 216
[23-Apr-2026 12:12:27 Europe/Berlin] PHP Warning:  Undefined array key "proposal_link" in C:\Users\Cogito\Documents\rdeweb\server\rde\monitoring.php on line 216
[23-Apr-2026 12:12:27 Europe/Berlin] PHP Warning:  Undefined array key "proposal_link" in C:\Users\Cogito\Documents\rdeweb\server\rde\monitoring.php on line 216
[23-Apr-2026 12:12:27 Europe/Berlin] PHP Warning:  Undefined array key "proposal_link" in C:\Users\Cogito\Documents\rdeweb\server\rde\monitoring.php on line 216
[23-Apr-2026 12:12:27 Europe/Berlin] PHP Warning:  Undefined array key "proposal_link" in C:\Users\Cogito\Documents\rdeweb\server\rde\monitoring.php on line 216
[23-Apr-2026 12:12:30 Europe/Berlin] PHP Warning:  Undefined array key "proposal_link" in C:\Users\Cogito\Documents\rdeweb\server\rde\monitoring.php on line 216
[23-Apr-2026 12:12:30 Europe/Berlin] PHP Warning:  Undefined array key "proposal_link" in C:\Users\Cogito\Documents\rdeweb\server\rde\monitoring.php on line 216
[23-Apr-2026 12:12:30 Europe/Berlin] PHP Warning:  Undefined array key "proposal_link" in C:\Users\Cogito\Documents\rdeweb\server\rde\monitoring.php on line 216
[23-Apr-2026 12:12:30 Europe/Berlin] PHP Warning:  Undefined array key "proposal_link" in C:\Users\Cogito\Documents\rdeweb\server\rde\monitoring.php on line 216
[23-Apr-2026 12:12:30 Europe/Berlin] PHP Warning:  Undefined array key "proposal_link" in C:\Users\Cogito\Documents\rdeweb\server\rde\monitoring.php on line 216
[23-Apr-2026 12:12:30 Europe/Berlin] PHP Warning:  Undefined array key "proposal_link" in C:\Users\Cogito\Documents\rdeweb\server\rde\monitoring.php on line 216
[23-Apr-2026 12:12:30 Europe/Berlin] PHP Warning:  Undefined array key "proposal_link" in C:\Users\Cogito\Documents\rdeweb\server\rde\monitoring.php on line 216
[23-Apr-2026 12:12:30 Europe/Berlin] PHP Warning:  Undefined array key "proposal_link" in C:\Users\Cogito\Documents\rdeweb\server\rde\monitoring.php on line 216
[23-Apr-2026 12:12:30 Europe/Berlin] PHP Warning:  Undefined array key "proposal_link" in C:\Users\Cogito\Documents\rdeweb\server\rde\monitoring.php on line 216
[23-Apr-2026 12:12:30 Europe/Berlin] PHP Warning:  Undefined array key "proposal_link" in C:\Users\Cogito\Documents\rdeweb\server\rde\monitoring.php on line 216
[23-Apr-2026 12:12:30 Europe/Berlin] PHP Warning:  Undefined array key "proposal_link" in C:\Users\Cogito\Documents\rdeweb\server\rde\monitoring.php on line 216
[23-Apr-2026 12:12:30 Europe/Berlin] PHP Warning:  Undefined array key "proposal_link" in C:\Users\Cogito\Documents\rdeweb\server\rde\monitoring.php on line 216
[23-Apr-2026 12:12:30 Europe/Berlin] PHP Warning:  Undefined array key "proposal_link" in C:\Users\Cogito\Documents\rdeweb\server\rde\monitoring.php on line 216
[23-Apr-2026 12:12:30 Europe/Berlin] PHP Warning:  Undefined array key "proposal_link" in C:\Users\Cogito\Documents\rdeweb\server\rde\monitoring.php on line 216
[23-Apr-2026 12:12:30 Europe/Berlin] PHP Warning:  Undefined array key "proposal_link" in C:\Users\Cogito\Documents\rdeweb\server\rde\monitoring.php on line 216
[23-Apr-2026 12:12:30 Europe/Berlin] PHP Warning:  Undefined array key "proposal_link" in C:\Users\Cogito\Documents\rdeweb\server\rde\monitoring.php on line 216
[23-Apr-2026 12:12:30 Europe/Berlin] PHP Warning:  Undefined array key "proposal_link" in C:\Users\Cogito\Documents\rdeweb\server\rde\monitoring.php on line 216
[23-Apr-2026 12:12:30 Europe/Berlin] PHP Warning:  Undefined array key "proposal_link" in C:\Users\Cogito\Documents\rdeweb\server\rde\monitoring.php on line 216
[23-Apr-2026 12:12:31 Europe/Berlin] PHP Warning:  Undefined array key "proposal_link" in C:\Users\Cogito\Documents\rdeweb\server\rde\monitoring.php on line 216
[23-Apr-2026 12:12:31 Europe/Berlin] PHP Warning:  Undefined array key "proposal_link" in C:\Users\Cogito\Documents\rdeweb\server\rde\monitoring.php on line 216
[23-Apr-2026 12:12:31 Europe/Berlin] PHP Warning:  Undefined array key "proposal_link" in C:\Users\Cogito\Documents\rdeweb\server\rde\monitoring.php on line 216
[23-Apr-2026 12:12:31 Europe/Berlin] PHP Warning:  Undefined array key "proposal_link" in C:\Users\Cogito\Documents\rdeweb\server\rde\monitoring.php on line 216
[23-Apr-2026 12:12:31 Europe/Berlin] PHP Warning:  Undefined array key "proposal_link" in C:\Users\Cogito\Documents\rdeweb\server\rde\monitoring.php on line 216
[23-Apr-2026 12:12:31 Europe/Berlin] PHP Warning:  Undefined array key "proposal_link" in C:\Users\Cogito\Documents\rdeweb\server\rde\monitoring.php on line 216
[23-Apr-2026 12:12:35 Europe/Berlin] PHP Warning:  Undefined array key "proposal_link" in C:\Users\Cogito\Documents\rdeweb\server\rde\monitoring.php on line 216
[23-Apr-2026 12:12:35 Europe/Berlin] PHP Warning:  Undefined array key "proposal_link" in C:\Users\Cogito\Documents\rdeweb\server\rde\monitoring.php on line 216
[23-Apr-2026 12:12:35 Europe/Berlin] PHP Warning:  Undefined array key "proposal_link" in C:\Users\Cogito\Documents\rdeweb\server\rde\monitoring.php on line 216
[23-Apr-2026 12:12:35 Europe/Berlin] PHP Warning:  Undefined array key "proposal_link" in C:\Users\Cogito\Documents\rdeweb\server\rde\monitoring.php on line 216
[23-Apr-2026 12:12:35 Europe/Berlin] PHP Warning:  Undefined array key "proposal_link" in C:\Users\Cogito\Documents\rdeweb\server\rde\monitoring.php on line 216
[23-Apr-2026 12:12:35 Europe/Berlin] PHP Warning:  Undefined array key "proposal_link" in C:\Users\Cogito\Documents\rdeweb\server\rde\monitoring.php on line 216
[23-Apr-2026 12:12:35 Europe/Berlin] PHP Warning:  Undefined array key "proposal_link" in C:\Users\Cogito\Documents\rdeweb\server\rde\monitoring.php on line 216
[23-Apr-2026 12:12:35 Europe/Berlin] PHP Warning:  Undefined array key "proposal_link" in C:\Users\Cogito\Documents\rdeweb\server\rde\monitoring.php on line 216
[23-Apr-2026 12:12:35 Europe/Berlin] PHP Warning:  Undefined array key "proposal_link" in C:\Users\Cogito\Documents\rdeweb\server\rde\monitoring.php on line 216
[23-Apr-2026 12:12:35 Europe/Berlin] PHP Warning:  Undefined array key "proposal_link" in C:\Users\Cogito\Documents\rdeweb\server\rde\monitoring.php on line 216
[23-Apr-2026 12:12:35 Europe/Berlin] PHP Warning:  Undefined array key "proposal_link" in C:\Users\Cogito\Documents\rdeweb\server\rde\monitoring.php on line 216
[23-Apr-2026 12:12:35 Europe/Berlin] PHP Warning:  Undefined array key "proposal_link" in C:\Users\Cogito\Documents\rdeweb\server\rde\monitoring.php on line 216
[23-Apr-2026 12:12:35 Europe/Berlin] PHP Warning:  Undefined array key "proposal_link" in C:\Users\Cogito\Documents\rdeweb\server\rde\monitoring.php on line 216
[23-Apr-2026 12:12:35 Europe/Berlin] PHP Warning:  Undefined array key "proposal_link" in C:\Users\Cogito\Documents\rdeweb\server\rde\monitoring.php on line 216
[29-Apr-2026 08:34:10 Europe/Berlin] PHP Fatal error:  Uncaught mysqli_sql_exception: Unknown column 'el.name' in 'where clause' in C:\Users\Cogito\Documents\rdeweb\server\rde\quarterlyMonitoring.php:270
Stack trace:
#0 C:\Users\Cogito\Documents\rdeweb\server\rde\quarterlyMonitoring.php(270): mysqli->prepare('SELECT COUNT(DI...')
#1 C:\Users\Cogito\Documents\rdeweb\server\router.php(94): include_once('C:\\Users\\Cogito...')
#2 C:\Users\Cogito\Documents\rdeweb\server\router.php(11): route('/quarterlyMonit...', 'server/rde/quar...')
#3 C:\Users\Cogito\Documents\rdeweb\server\routes.php(67): post('/quarterlyMonit...', 'server/rde/quar...')
#4 C:\Users\Cogito\Documents\rdeweb\index.php(29): require_once('C:\\Users\\Cogito...')
#5 {main}
  thrown in C:\Users\Cogito\Documents\rdeweb\server\rde\quarterlyMonitoring.php on line 270
[29-Apr-2026 08:35:20 Europe/Berlin] PHP Fatal error:  Uncaught mysqli_sql_exception: Unknown column 'el.name' in 'where clause' in C:\Users\Cogito\Documents\rdeweb\server\rde\quarterlyMonitoring.php:270
Stack trace:
#0 C:\Users\Cogito\Documents\rdeweb\server\rde\quarterlyMonitoring.php(270): mysqli->prepare('SELECT COUNT(DI...')
#1 C:\Users\Cogito\Documents\rdeweb\server\router.php(94): include_once('C:\\Users\\Cogito...')
#2 C:\Users\Cogito\Documents\rdeweb\server\router.php(11): route('/quarterlyMonit...', 'server/rde/quar...')
#3 C:\Users\Cogito\Documents\rdeweb\server\routes.php(67): post('/quarterlyMonit...', 'server/rde/quar...')
#4 C:\Users\Cogito\Documents\rdeweb\index.php(29): require_once('C:\\Users\\Cogito...')
#5 {main}
  thrown in C:\Users\Cogito\Documents\rdeweb\server\rde\quarterlyMonitoring.php on line 270
[29-Apr-2026 08:45:44 Europe/Berlin] PHP Fatal error:  Uncaught mysqli_sql_exception: Unknown column 'el.name' in 'where clause' in C:\Users\Cogito\Documents\rdeweb\server\rde\quarterlyMonitoring.php:279
Stack trace:
#0 C:\Users\Cogito\Documents\rdeweb\server\rde\quarterlyMonitoring.php(279): mysqli->prepare('SELECT COUNT(DI...')
#1 C:\Users\Cogito\Documents\rdeweb\server\router.php(94): include_once('C:\\Users\\Cogito...')
#2 C:\Users\Cogito\Documents\rdeweb\server\router.php(11): route('/quarterlyMonit...', 'server/rde/quar...')
#3 C:\Users\Cogito\Documents\rdeweb\server\routes.php(67): post('/quarterlyMonit...', 'server/rde/quar...')
#4 C:\Users\Cogito\Documents\rdeweb\index.php(29): require_once('C:\\Users\\Cogito...')
#5 {main}
  thrown in C:\Users\Cogito\Documents\rdeweb\server\rde\quarterlyMonitoring.php on line 279
[29-Apr-2026 08:46:31 Europe/Berlin] PHP Fatal error:  Uncaught mysqli_sql_exception: Unknown column 'el.name' in 'where clause' in C:\Users\Cogito\Documents\rdeweb\server\rde\quarterlyMonitoring.php:277
Stack trace:
#0 C:\Users\Cogito\Documents\rdeweb\server\rde\quarterlyMonitoring.php(277): mysqli->prepare('SELECT COUNT(DI...')
#1 C:\Users\Cogito\Documents\rdeweb\server\router.php(94): include_once('C:\\Users\\Cogito...')
#2 C:\Users\Cogito\Documents\rdeweb\server\router.php(11): route('/quarterlyMonit...', 'server/rde/quar...')
#3 C:\Users\Cogito\Documents\rdeweb\server\routes.php(67): post('/quarterlyMonit...', 'server/rde/quar...')
#4 C:\Users\Cogito\Documents\rdeweb\index.php(29): require_once('C:\\Users\\Cogito...')
#5 {main}
  thrown in C:\Users\Cogito\Documents\rdeweb\server\rde\quarterlyMonitoring.php on line 277
[29-Apr-2026 08:47:20 Europe/Berlin] PHP Fatal error:  Uncaught mysqli_sql_exception: Unknown column 'e.status' in 'where clause' in C:\Users\Cogito\Documents\rdeweb\server\rde\quarterlyMonitoring.php:277
Stack trace:
#0 C:\Users\Cogito\Documents\rdeweb\server\rde\quarterlyMonitoring.php(277): mysqli->prepare('SELECT COUNT(DI...')
#1 C:\Users\Cogito\Documents\rdeweb\server\router.php(94): include_once('C:\\Users\\Cogito...')
#2 C:\Users\Cogito\Documents\rdeweb\server\router.php(11): route('/quarterlyMonit...', 'server/rde/quar...')
#3 C:\Users\Cogito\Documents\rdeweb\server\routes.php(67): post('/quarterlyMonit...', 'server/rde/quar...')
#4 C:\Users\Cogito\Documents\rdeweb\index.php(29): require_once('C:\\Users\\Cogito...')
#5 {main}
  thrown in C:\Users\Cogito\Documents\rdeweb\server\rde\quarterlyMonitoring.php on line 277
[29-Apr-2026 08:48:31 Europe/Berlin] PHP Fatal error:  Uncaught mysqli_sql_exception: Unknown column 'el.name' in 'where clause' in C:\Users\Cogito\Documents\rdeweb\server\rde\quarterlyMonitoring.php:279
Stack trace:
#0 C:\Users\Cogito\Documents\rdeweb\server\rde\quarterlyMonitoring.php(279): mysqli->prepare('SELECT COUNT(DI...')
#1 C:\Users\Cogito\Documents\rdeweb\server\router.php(94): include_once('C:\\Users\\Cogito...')
#2 C:\Users\Cogito\Documents\rdeweb\server\router.php(11): route('/quarterlyMonit...', 'server/rde/quar...')
#3 C:\Users\Cogito\Documents\rdeweb\server\routes.php(67): post('/quarterlyMonit...', 'server/rde/quar...')
#4 C:\Users\Cogito\Documents\rdeweb\index.php(29): require_once('C:\\Users\\Cogito...')
#5 {main}
  thrown in C:\Users\Cogito\Documents\rdeweb\server\rde\quarterlyMonitoring.php on line 279
[29-Apr-2026 08:57:16 Europe/Berlin] PHP Fatal error:  Uncaught mysqli_sql_exception: Unknown column 'el.name' in 'where clause' in C:\Users\Cogito\Documents\rdeweb\server\rde\quarterlyMonitoring.php:280
Stack trace:
#0 C:\Users\Cogito\Documents\rdeweb\server\rde\quarterlyMonitoring.php(280): mysqli->prepare('SELECT COUNT(DI...')
#1 C:\Users\Cogito\Documents\rdeweb\server\router.php(94): include_once('C:\\Users\\Cogito...')
#2 C:\Users\Cogito\Documents\rdeweb\server\router.php(11): route('/quarterlyMonit...', 'server/rde/quar...')
#3 C:\Users\Cogito\Documents\rdeweb\server\routes.php(67): post('/quarterlyMonit...', 'server/rde/quar...')
#4 C:\Users\Cogito\Documents\rdeweb\index.php(29): require_once('C:\\Users\\Cogito...')
#5 {main}
  thrown in C:\Users\Cogito\Documents\rdeweb\server\rde\quarterlyMonitoring.php on line 280
[29-Apr-2026 10:44:56 Europe/Berlin] PHP Fatal error:  Uncaught mysqli_sql_exception: Unknown column 'location' in 'field list' in C:\Users\Cogito\Documents\rdeweb\server\rde\quarterlyMonitoring.php:406
Stack trace:
#0 C:\Users\Cogito\Documents\rdeweb\server\rde\quarterlyMonitoring.php(406): mysqli->prepare('SELECT title, a...')
#1 C:\Users\Cogito\Documents\rdeweb\server\router.php(94): include_once('C:\\Users\\Cogito...')
#2 C:\Users\Cogito\Documents\rdeweb\server\router.php(11): route('/quarterlyMonit...', 'server/rde/quar...')
#3 C:\Users\Cogito\Documents\rdeweb\server\routes.php(67): post('/quarterlyMonit...', 'server/rde/quar...')
#4 C:\Users\Cogito\Documents\rdeweb\index.php(29): require_once('C:\\Users\\Cogito...')
#5 {main}
  thrown in C:\Users\Cogito\Documents\rdeweb\server\rde\quarterlyMonitoring.php on line 406
[29-Apr-2026 10:54:08 Europe/Berlin] PHP Fatal error:  Uncaught mysqli_sql_exception: Column 'start_date' cannot be null in C:\Users\Cogito\Documents\rdeweb\server\rde\quarterlyMonitoring.php:433
Stack trace:
#0 C:\Users\Cogito\Documents\rdeweb\server\rde\quarterlyMonitoring.php(433): mysqli_stmt->execute()
#1 C:\Users\Cogito\Documents\rdeweb\server\router.php(94): include_once('C:\\Users\\Cogito...')
#2 C:\Users\Cogito\Documents\rdeweb\server\router.php(11): route('/quarterlyMonit...', 'server/rde/quar...')
#3 C:\Users\Cogito\Documents\rdeweb\server\routes.php(67): post('/quarterlyMonit...', 'server/rde/quar...')
#4 C:\Users\Cogito\Documents\rdeweb\index.php(29): require_once('C:\\Users\\Cogito...')
#5 {main}
  thrown in C:\Users\Cogito\Documents\rdeweb\server\rde\quarterlyMonitoring.php on line 433
[29-Apr-2026 12:03:43 Europe/Berlin] PHP Fatal error:  Uncaught mysqli_sql_exception: No data supplied for parameters in prepared statement in C:\Users\Cogito\Documents\rdeweb\server\rde\quarterlyMonitoring.php:296
Stack trace:
#0 C:\Users\Cogito\Documents\rdeweb\server\rde\quarterlyMonitoring.php(296): mysqli_stmt->execute()
#1 C:\Users\Cogito\Documents\rdeweb\server\router.php(94): include_once('C:\\Users\\Cogito...')
#2 C:\Users\Cogito\Documents\rdeweb\server\router.php(11): route('/quarterlyMonit...', 'server/rde/quar...')
#3 C:\Users\Cogito\Documents\rdeweb\server\routes.php(67): post('/quarterlyMonit...', 'server/rde/quar...')
#4 C:\Users\Cogito\Documents\rdeweb\index.php(29): require_once('C:\\Users\\Cogito...')
#5 {main}
  thrown in C:\Users\Cogito\Documents\rdeweb\server\rde\quarterlyMonitoring.php on line 296
[29-Apr-2026 12:03:52 Europe/Berlin] PHP Fatal error:  Uncaught mysqli_sql_exception: No data supplied for parameters in prepared statement in C:\Users\Cogito\Documents\rdeweb\server\rde\quarterlyMonitoring.php:296
Stack trace:
#0 C:\Users\Cogito\Documents\rdeweb\server\rde\quarterlyMonitoring.php(296): mysqli_stmt->execute()
#1 C:\Users\Cogito\Documents\rdeweb\server\router.php(94): include_once('C:\\Users\\Cogito...')
#2 C:\Users\Cogito\Documents\rdeweb\server\router.php(11): route('/quarterlyMonit...', 'server/rde/quar...')
#3 C:\Users\Cogito\Documents\rdeweb\server\routes.php(67): post('/quarterlyMonit...', 'server/rde/quar...')
#4 C:\Users\Cogito\Documents\rdeweb\index.php(29): require_once('C:\\Users\\Cogito...')
#5 {main}
  thrown in C:\Users\Cogito\Documents\rdeweb\server\rde\quarterlyMonitoring.php on line 296
[29-Apr-2026 12:04:31 Europe/Berlin] PHP Fatal error:  Uncaught mysqli_sql_exception: Unknown column 'el.name' in 'where clause' in C:\Users\Cogito\Documents\rdeweb\server\rde\quarterlyMonitoring.php:283
Stack trace:
#0 C:\Users\Cogito\Documents\rdeweb\server\rde\quarterlyMonitoring.php(283): mysqli->prepare('SELECT COUNT(DI...')
#1 C:\Users\Cogito\Documents\rdeweb\server\router.php(94): include_once('C:\\Users\\Cogito...')
#2 C:\Users\Cogito\Documents\rdeweb\server\router.php(11): route('/quarterlyMonit...', 'server/rde/quar...')
#3 C:\Users\Cogito\Documents\rdeweb\server\routes.php(67): post('/quarterlyMonit...', 'server/rde/quar...')
#4 C:\Users\Cogito\Documents\rdeweb\index.php(29): require_once('C:\\Users\\Cogito...')
#5 {main}
  thrown in C:\Users\Cogito\Documents\rdeweb\server\rde\quarterlyMonitoring.php on line 283
[29-Apr-2026 12:04:40 Europe/Berlin] PHP Fatal error:  Uncaught mysqli_sql_exception: Unknown column 'el.name' in 'where clause' in C:\Users\Cogito\Documents\rdeweb\server\rde\quarterlyMonitoring.php:283
Stack trace:
#0 C:\Users\Cogito\Documents\rdeweb\server\rde\quarterlyMonitoring.php(283): mysqli->prepare('SELECT COUNT(DI...')
#1 C:\Users\Cogito\Documents\rdeweb\server\router.php(94): include_once('C:\\Users\\Cogito...')
#2 C:\Users\Cogito\Documents\rdeweb\server\router.php(11): route('/quarterlyMonit...', 'server/rde/quar...')
#3 C:\Users\Cogito\Documents\rdeweb\server\routes.php(67): post('/quarterlyMonit...', 'server/rde/quar...')
#4 C:\Users\Cogito\Documents\rdeweb\index.php(29): require_once('C:\\Users\\Cogito...')
#5 {main}
  thrown in C:\Users\Cogito\Documents\rdeweb\server\rde\quarterlyMonitoring.php on line 283
[29-Apr-2026 12:06:27 Europe/Berlin] PHP Fatal error:  Uncaught ArgumentCountError: The number of variables must match the number of parameters in the prepared statement in C:\Users\Cogito\Documents\rdeweb\server\rde\quarterlyMonitoring.php:283
Stack trace:
#0 C:\Users\Cogito\Documents\rdeweb\server\rde\quarterlyMonitoring.php(283): mysqli_stmt->bind_param('i', '2026')
#1 C:\Users\Cogito\Documents\rdeweb\server\router.php(94): include_once('C:\\Users\\Cogito...')
#2 C:\Users\Cogito\Documents\rdeweb\server\router.php(11): route('/quarterlyMonit...', 'server/rde/quar...')
#3 C:\Users\Cogito\Documents\rdeweb\server\routes.php(67): post('/quarterlyMonit...', 'server/rde/quar...')
#4 C:\Users\Cogito\Documents\rdeweb\index.php(29): require_once('C:\\Users\\Cogito...')
#5 {main}
  thrown in C:\Users\Cogito\Documents\rdeweb\server\rde\quarterlyMonitoring.php on line 283
