[06-May-2026 08:34:11 Europe/Berlin] PHP Warning:  require_once(C:\Users\Cogito\Documents\rdeweb\server\rde\accomplishment/../db.php): Failed to open stream: No such file or directory in C:\Users\Cogito\Documents\rdeweb\server\rde\accomplishment\onGoingRes.php on line 34
[06-May-2026 08:34:11 Europe/Berlin] PHP Fatal error:  Uncaught Error: Failed opening required 'C:\Users\Cogito\Documents\rdeweb\server\rde\accomplishment/../db.php' (include_path='C:\xampp\php\PEAR') in C:\Users\Cogito\Documents\rdeweb\server\rde\accomplishment\onGoingRes.php:34
Stack trace:
#0 C:\Users\Cogito\Documents\rdeweb\server\router.php(94): include_once()
#1 C:\Users\Cogito\Documents\rdeweb\server\router.php(11): route('/ongoingresearc...', 'server/rde/acco...')
#2 C:\Users\Cogito\Documents\rdeweb\server\routes.php(59): post('/ongoingresearc...', 'server/rde/acco...')
#3 C:\Users\Cogito\Documents\rdeweb\index.php(29): require_once('C:\\Users\\Cogito...')
#4 {main}
  thrown in C:\Users\Cogito\Documents\rdeweb\server\rde\accomplishment\onGoingRes.php on line 34
[06-May-2026 08:34:11 Europe/Berlin] PHP Warning:  require_once(C:\Users\Cogito\Documents\rdeweb\server\rde\accomplishment/../db.php): Failed to open stream: No such file or directory in C:\Users\Cogito\Documents\rdeweb\server\rde\accomplishment\onGoingRes.php on line 34
[06-May-2026 08:34:11 Europe/Berlin] PHP Fatal error:  Uncaught Error: Failed opening required 'C:\Users\Cogito\Documents\rdeweb\server\rde\accomplishment/../db.php' (include_path='C:\xampp\php\PEAR') in C:\Users\Cogito\Documents\rdeweb\server\rde\accomplishment\onGoingRes.php:34
Stack trace:
#0 C:\Users\Cogito\Documents\rdeweb\server\router.php(94): include_once()
#1 C:\Users\Cogito\Documents\rdeweb\server\router.php(11): route('/ongoingresearc...', 'server/rde/acco...')
#2 C:\Users\Cogito\Documents\rdeweb\server\routes.php(59): post('/ongoingresearc...', 'server/rde/acco...')
#3 C:\Users\Cogito\Documents\rdeweb\index.php(29): require_once('C:\\Users\\Cogito...')
#4 {main}
  thrown in C:\Users\Cogito\Documents\rdeweb\server\rde\accomplishment\onGoingRes.php on line 34
[06-May-2026 08:35:04 Europe/Berlin] PHP Warning:  require_once(C:\Users\Cogito\Documents\rdeweb\server\rde\accomplishment/../db.php): Failed to open stream: No such file or directory in C:\Users\Cogito\Documents\rdeweb\server\rde\accomplishment\onGoingRes.php on line 34
[06-May-2026 08:35:04 Europe/Berlin] PHP Fatal error:  Uncaught Error: Failed opening required 'C:\Users\Cogito\Documents\rdeweb\server\rde\accomplishment/../db.php' (include_path='C:\xampp\php\PEAR') in C:\Users\Cogito\Documents\rdeweb\server\rde\accomplishment\onGoingRes.php:34
Stack trace:
#0 C:\Users\Cogito\Documents\rdeweb\server\router.php(94): include_once()
#1 C:\Users\Cogito\Documents\rdeweb\server\router.php(11): route('/ongoingresearc...', 'server/rde/acco...')
#2 C:\Users\Cogito\Documents\rdeweb\server\routes.php(59): post('/ongoingresearc...', 'server/rde/acco...')
#3 C:\Users\Cogito\Documents\rdeweb\index.php(29): require_once('C:\\Users\\Cogito...')
#4 {main}
  thrown in C:\Users\Cogito\Documents\rdeweb\server\rde\accomplishment\onGoingRes.php on line 34
[06-May-2026 08:35:04 Europe/Berlin] PHP Warning:  require_once(C:\Users\Cogito\Documents\rdeweb\server\rde\accomplishment/../db.php): Failed to open stream: No such file or directory in C:\Users\Cogito\Documents\rdeweb\server\rde\accomplishment\onGoingRes.php on line 34
[06-May-2026 08:35:04 Europe/Berlin] PHP Fatal error:  Uncaught Error: Failed opening required 'C:\Users\Cogito\Documents\rdeweb\server\rde\accomplishment/../db.php' (include_path='C:\xampp\php\PEAR') in C:\Users\Cogito\Documents\rdeweb\server\rde\accomplishment\onGoingRes.php:34
Stack trace:
#0 C:\Users\Cogito\Documents\rdeweb\server\router.php(94): include_once()
#1 C:\Users\Cogito\Documents\rdeweb\server\router.php(11): route('/ongoingresearc...', 'server/rde/acco...')
#2 C:\Users\Cogito\Documents\rdeweb\server\routes.php(59): post('/ongoingresearc...', 'server/rde/acco...')
#3 C:\Users\Cogito\Documents\rdeweb\index.php(29): require_once('C:\\Users\\Cogito...')
#4 {main}
  thrown in C:\Users\Cogito\Documents\rdeweb\server\rde\accomplishment\onGoingRes.php on line 34
[07-May-2026 03:26:18 Europe/Berlin] PHP Warning:  require_once(C:\Users\Cogito\Documents\rdeweb\server\rde\accomplishment/../db.php): Failed to open stream: No such file or directory in C:\Users\Cogito\Documents\rdeweb\server\rde\accomplishment\onGoingRes.php on line 34
[07-May-2026 03:26:18 Europe/Berlin] PHP Fatal error:  Uncaught Error: Failed opening required 'C:\Users\Cogito\Documents\rdeweb\server\rde\accomplishment/../db.php' (include_path='C:\xampp\php\PEAR') in C:\Users\Cogito\Documents\rdeweb\server\rde\accomplishment\onGoingRes.php:34
Stack trace:
#0 C:\Users\Cogito\Documents\rdeweb\server\router.php(94): include_once()
#1 C:\Users\Cogito\Documents\rdeweb\server\router.php(11): route('/ongoingresearc...', 'server/rde/acco...')
#2 C:\Users\Cogito\Documents\rdeweb\server\routes.php(59): post('/ongoingresearc...', 'server/rde/acco...')
#3 C:\Users\Cogito\Documents\rdeweb\index.php(29): require_once('C:\\Users\\Cogito...')
#4 {main}
  thrown in C:\Users\Cogito\Documents\rdeweb\server\rde\accomplishment\onGoingRes.php on line 34
[07-May-2026 03:26:18 Europe/Berlin] PHP Warning:  require_once(C:\Users\Cogito\Documents\rdeweb\server\rde\accomplishment/../db.php): Failed to open stream: No such file or directory in C:\Users\Cogito\Documents\rdeweb\server\rde\accomplishment\onGoingRes.php on line 34
[07-May-2026 03:26:18 Europe/Berlin] PHP Fatal error:  Uncaught Error: Failed opening required 'C:\Users\Cogito\Documents\rdeweb\server\rde\accomplishment/../db.php' (include_path='C:\xampp\php\PEAR') in C:\Users\Cogito\Documents\rdeweb\server\rde\accomplishment\onGoingRes.php:34
Stack trace:
#0 C:\Users\Cogito\Documents\rdeweb\server\router.php(94): include_once()
#1 C:\Users\Cogito\Documents\rdeweb\server\router.php(11): route('/ongoingresearc...', 'server/rde/acco...')
#2 C:\Users\Cogito\Documents\rdeweb\server\routes.php(59): post('/ongoingresearc...', 'server/rde/acco...')
#3 C:\Users\Cogito\Documents\rdeweb\index.php(29): require_once('C:\\Users\\Cogito...')
#4 {main}
  thrown in C:\Users\Cogito\Documents\rdeweb\server\rde\accomplishment\onGoingRes.php on line 34
[07-May-2026 03:35:41 Europe/Berlin] PHP Warning:  require_once(C:\Users\Cogito\Documents\rdeweb\server\rde\accomplishment/../db.php): Failed to open stream: No such file or directory in C:\Users\Cogito\Documents\rdeweb\server\rde\accomplishment\onGoingRes.php on line 34
[07-May-2026 03:35:41 Europe/Berlin] PHP Fatal error:  Uncaught Error: Failed opening required 'C:\Users\Cogito\Documents\rdeweb\server\rde\accomplishment/../db.php' (include_path='C:\xampp\php\PEAR') in C:\Users\Cogito\Documents\rdeweb\server\rde\accomplishment\onGoingRes.php:34
Stack trace:
#0 C:\Users\Cogito\Documents\rdeweb\server\router.php(94): include_once()
#1 C:\Users\Cogito\Documents\rdeweb\server\router.php(11): route('/ongoingresearc...', 'server/rde/acco...')
#2 C:\Users\Cogito\Documents\rdeweb\server\routes.php(68): post('/ongoingresearc...', 'server/rde/acco...')
#3 C:\Users\Cogito\Documents\rdeweb\index.php(29): require_once('C:\\Users\\Cogito...')
#4 {main}
  thrown in C:\Users\Cogito\Documents\rdeweb\server\rde\accomplishment\onGoingRes.php on line 34
[07-May-2026 03:35:41 Europe/Berlin] PHP Warning:  require_once(C:\Users\Cogito\Documents\rdeweb\server\rde\accomplishment/../db.php): Failed to open stream: No such file or directory in C:\Users\Cogito\Documents\rdeweb\server\rde\accomplishment\onGoingRes.php on line 34
[07-May-2026 03:35:41 Europe/Berlin] PHP Fatal error:  Uncaught Error: Failed opening required 'C:\Users\Cogito\Documents\rdeweb\server\rde\accomplishment/../db.php' (include_path='C:\xampp\php\PEAR') in C:\Users\Cogito\Documents\rdeweb\server\rde\accomplishment\onGoingRes.php:34
Stack trace:
#0 C:\Users\Cogito\Documents\rdeweb\server\router.php(94): include_once()
#1 C:\Users\Cogito\Documents\rdeweb\server\router.php(11): route('/ongoingresearc...', 'server/rde/acco...')
#2 C:\Users\Cogito\Documents\rdeweb\server\routes.php(68): post('/ongoingresearc...', 'server/rde/acco...')
#3 C:\Users\Cogito\Documents\rdeweb\index.php(29): require_once('C:\\Users\\Cogito...')
#4 {main}
  thrown in C:\Users\Cogito\Documents\rdeweb\server\rde\accomplishment\onGoingRes.php on line 34
